[hypno.nimja.com/visual/1.html]
[hypno.nimja.com/visual/2.html]
[hypno.nimja.com/visual/3.html]
[hypno.nimja.com/visual/4.html]
[hypno.nimja.com/visual/5.html]
[hypno.nimja.com/visual/6.html]
[hypno.nimja.com/visual/7.html]
[hypno.nimja.com/visual/8.html]
[hypno.nimja.com/visual/9.html]
[hypno.nimja.com/visual/10.html]
[hypno.nimja.com/visual/11.html]
[hypno.nimja.com/visual/12.html]
[hypno.nimja.com/visual/13.html]
[hypno.nimja.com/visual/14.html]
[hypno.nimja.com/visual/15.html]
[hypno.nimja.com/visual/16.html]
[hypno.nimja.com/visual/17.html]
[hypno.nimja.com/visual/18.html]
[hypno.nimja.com/visual/19.html]
[hypno.nimja.com/visual/20.html]
[hypno.nimja.com/visual/21.html]
[hypno.nimja.com/visual/22.html]
[hypno.nimja.com/visual/23.html]
[hypno.nimja.com/visual/24.html]
[hypno.nimja.com/visual/25.html]
[hypno.nimja.com/visual/26.html]
[hypno.nimja.com/visual/27.html]
[hypno.nimja.com/visual/28.html]
[hypno.nimja.com/visual/29.html]
[hypno.nimja.com/visual/30.html]
[hypno.nimja.com/visual/31.html]
[hypno.nimja.com/visual/32.html]
[hypno.nimja.com/visual/33.html]
[hypno.nimja.com/visual/34.html]
[hypno.nimja.com/visual/35.html]
[hypno.nimja.com/visual/36.html]
[hypno.nimja.com/visual/37.html]
[hypno.nimja.com/visual/38.html]
[hypno.nimja.com/visual/39.html]
[hypno.nimja.com/visual/40.html]
[hypno.nimja.com/visual/41.html]
[hypno.nimja.com/visual/42.html]
[hypno.nimja.com/visual/43.html]
[hypno.nimja.com/visual/44.html]
[hypno.nimja.com/visual/45.html]
[hypno.nimja.com/visual/46.html]
[hypno.nimja.com/visual/47.html]
[hypno.nimja.com/visual/48.html]
[hypno.nimja.com/visual/49.html]
[hypno.nimja.com/visual/50.html]
[hypno.nimja.com/visual/51.html]
[hypno.nimja.com/visual/52.html]
[hypno.nimja.com/visual/53.html]
[hypno.nimja.com/visual/54.html]
[hypno.nimja.com/visual/55.html]
[hypno.nimja.com/visual/56.html]
[hypno.nimja.com/visual/57.html]
[hypno.nimja.com/visual/58.html]
[hypno.nimja.com/visual/59.html]
[hypno.nimja.com/visual/60.html]
[hypno.nimja.com/visual/61.html]
[hypno.nimja.com/visual/62.html]
[hypno.nimja.com/visual/63.html]
[hypno.nimja.com/visual/64.html]
[hypno.nimja.com/visual/65.html]
[hypno.nimja.com/visual/66.html]
[hypno.nimja.com/visual/67.html]
[hypno.nimja.com/visual/68.html]
[hypno.nimja.com/visual/69.html]
[hypno.nimja.com/visual/70.html]
[hypno.nimja.com/visual/71.html]
[hypno.nimja.com/visual/72.html]
[hypno.nimja.com/visual/73.html]
[hypno.nimja.com/visual/74.html]
[hypno.nimja.com/visual/75.html]
[hypno.nimja.com/visual/76.html]
[hypno.nimja.com/visual/77.html]
[hypno.nimja.com/visual/78.html]
[hypno.nimja.com/visual/79.html]
[hypno.nimja.com/visual/80.html]
[hypno.nimja.com/visual/81.html]
[hypno.nimja.com/visual/82.html]
[hypno.nimja.com/visual/83.html]
[hypno.nimja.com/visual/84.html]
[hypno.nimja.com/visual/85.html]
[hypno.nimja.com/visual/86.html]
[hypno.nimja.com/visual/87.html]
[hypno.nimja.com/visual/88.html]
[hypno.nimja.com/visual/89.html]
[hypno.nimja.com/visual/90.html]
[hypno.nimja.com/visual/91.html]
[hypno.nimja.com/visual/92.html]
[hypno.nimja.com/visual/93.html]
[hypno.nimja.com/visual/94.html]
[hypno.nimja.com/visual/95.html]
[hypno.nimja.com/visual/96.html]
[hypno.nimja.com/visual/97.html]
[hypno.nimja.com/visual/98.html]
[hypno.nimja.com/visual/99.html]
[hypno.nimja.com/visual/100.html]
[hypno.nimja.com/visual/101.html]
[hypno.nimja.com/visual/102.html]
[hypno.nimja.com/visual/103.html]
[hypno.nimja.com/visual/104.html]
[hypno.nimja.com/visual/105.html]
[hypno.nimja.com/visual/106.html]
[hypno.nimja.com/visual/107.html]
[hypno.nimja.com/visual/108.html]
[hypno.nimja.com/visual/109.html]
[hypno.nimja.com/visual/110.html]
[hypno.nimja.com/visual/111.html]
[hypno.nimja.com/visual/112.html]
[hypno.nimja.com/visual/113.html]
[hypno.nimja.com/visual/114.html]
[hypno.nimja.com/visual/115.html]
[hypno.nimja.com/visual/116.html]
[hypno.nimja.com/visual/117.html]
[hypno.nimja.com/visual/118.html]
[hypno.nimja.com/visual/119.html]
[hypno.nimja.com/visual/120.html]
[hypno.nimja.com/visual/121.html]
[hypno.nimja.com/visual/122.html]
[hypno.nimja.com/visual/123.html]
[hypno.nimja.com/visual/124.html]
[hypno.nimja.com/visual/125.html]
[backblue.gif]
[fade.gif]
[index.html]
[hypno.nimja.com/visual/thumb/w-by-Nimja.jpg]
[hypno.nimja.com/visual/customise/1.html]
[hypno.nimja.com/visual/1.html]
[hypno.nimja.com/visual/thumb/w_fast-by-Nimja.jpg]
[hypno.nimja.com/visual/customise/2.html]
[hypno.nimja.com/visual/2.html]
[hypno.nimja.com/visual/thumb/w_slow-by-Nimja.jpg]
[hypno.nimja.com/visual/customise/3.html]
[hypno.nimja.com/visual/3.html]
[hypno.nimja.com/visual/thumb/w_fast-by-Nimja-2.jpg]
[hypno.nimja.com/visual/customise/4.html]
[hypno.nimja.com/visual/4.html]
[hypno.nimja.com/visual/thumb/w_slow-by-Nimja-2.jpg]
[hypno.nimja.com/visual/customise/5.html]
[hypno.nimja.com/visual/5.html]
[hypno.nimja.com/visual/thumb/Large_rainbow_fast-by-Nimja.jpg]
[hypno.nimja.com/visual/customise/6.html]
[hypno.nimja.com/visual/6.html]
[hypno.nimja.com/visual/thumb/Large_rainbow_slow-by-Nimja.jpg]
[hypno.nimja.com/visual/customise/7.html]
[hypno.nimja.com/visual/7.html]
[hypno.nimja.com/visual/thumb/Spiral_Large-by-Nimja.jpg]
[hypno.nimja.com/visual/customise/8.html]
[hypno.nimja.com/visual/8.html]
[hypno.nimja.com/visual/thumb/Spiral_Large_(rainbow)-by-Nimja.jpg]
[hypno.nimja.com/visual/customise/9.html]
[hypno.nimja.com/visual/9.html]
[hypno.nimja.com/visual/thumb/Spiral_Dots-by-Nimja.jpg]
[hypno.nimja.com/visual/customise/10.html]
[hypno.nimja.com/visual/10.html]
[hypno.nimja.com/visual/thumb/Spiral_Dots_(alternate)-by-Nimja.jpg]
[hypno.nimja.com/visual/customise/11.html]
[hypno.nimja.com/visual/11.html]
[hypno.nimja.com/visual/thumb/Fire-by-Nimja.jpg]
[hypno.nimja.com/visual/customise/12.html]
[hypno.nimja.com/visual/12.html]
[hypno.nimja.com/visual/thumb/Eye-by-Nimja.jpg]
[hypno.nimja.com/visual/customise/13.html]
[hypno.nimja.com/visual/13.html]
[hypno.nimja.com/visual/thumb/Digital_Brain-by-Nimja.jpg]
[hypno.nimja.com/visual/customise/14.html]
[hypno.nimja.com/visual/14.html]
[hypno.nimja.com/visual/thumb/Ether-by-Nimja.jpg]
[hypno.nimja.com/visual/customise/15.html]
[hypno.nimja.com/visual/15.html]
[hypno.nimja.com/visual/thumb/Rainbow_Smoke-by-Nimja.jpg]
[hypno.nimja.com/visual/customise/16.html]
[hypno.nimja.com/visual/16.html]
[hypno.nimja.com/visual/thumb/Torus_Spiral-by-Nimja.jpg]
[hypno.nimja.com/visual/customise/17.html]
[hypno.nimja.com/visual/17.html]
[hypno.nimja.com/visual/thumb/Soft_Spiral-by-Nimja.jpg]
[hypno.nimja.com/visual/customise/18.html]
[hypno.nimja.com/visual/18.html]
[hypno.nimja.com/visual/thumb/Water-by-Nimja.jpg]
[hypno.nimja.com/visual/customise/19.html]
[hypno.nimja.com/visual/19.html]
[hypno.nimja.com/visual/thumb/Deep_Circle-by-Nimja.jpg]
[hypno.nimja.com/visual/customise/20.html]
[hypno.nimja.com/visual/20.html]
[hypno.nimja.com/visual/thumb/Escheresque-by-Nimja.jpg]
[hypno.nimja.com/visual/customise/21.html]
[hypno.nimja.com/visual/21.html]
[hypno.nimja.com/visual/thumb/Color_Flower-by-Nimja.jpg]
[hypno.nimja.com/visual/customise/22.html]
[hypno.nimja.com/visual/22.html]
[hypno.nimja.com/visual/thumb/Spiral_Intense-by-Nimja.jpg]
[hypno.nimja.com/visual/customise/23.html]
[hypno.nimja.com/visual/23.html]
[hypno.nimja.com/visual/thumb/Pulsing_Eye-by-Nimja.jpg]
[hypno.nimja.com/visual/customise/24.html]
[hypno.nimja.com/visual/24.html]
[hypno.nimja.com/visual/thumb/Stars-by-Nimja.jpg]
[hypno.nimja.com/visual/customise/25.html]
[hypno.nimja.com/visual/25.html]
[hypno.nimja.com/visual/thumb/Flower-Threads-by-Nimja.jpg]
[hypno.nimja.com/visual/customise/26.html]
[hypno.nimja.com/visual/26.html]
[hypno.nimja.com/visual/thumb/Moving_Circles-by-Nimja.jpg]
[hypno.nimja.com/visual/customise/27.html]
[hypno.nimja.com/visual/27.html]
[hypno.nimja.com/visual/thumb/Moving_Diamonds-by-Nimja.jpg]
[hypno.nimja.com/visual/customise/28.html]
[hypno.nimja.com/visual/28.html]
[hypno.nimja.com/visual/thumb/Moving_Squares-by-Nimja.jpg]
[hypno.nimja.com/visual/customise/29.html]
[hypno.nimja.com/visual/29.html]
[hypno.nimja.com/visual/thumb/Circle_Spiral-by-Nimja.jpg]
[hypno.nimja.com/visual/customise/30.html]
[hypno.nimja.com/visual/30.html]
[hypno.nimja.com/visual/thumb/Circle_Gaps-by-Nimja.jpg]
[hypno.nimja.com/visual/customise/31.html]
[hypno.nimja.com/visual/31.html]
[hypno.nimja.com/visual/thumb/Spiral_Stairs-by-Nimja.jpg]
[hypno.nimja.com/visual/customise/32.html]
[hypno.nimja.com/visual/32.html]
[hypno.nimja.com/visual/thumb/Spiral_Dashes-by-Nimja.jpg]
[hypno.nimja.com/visual/customise/33.html]
[hypno.nimja.com/visual/33.html]
[hypno.nimja.com/visual/thumb/Moving_Dots-by-Nimja.jpg]
[hypno.nimja.com/visual/customise/34.html]
[hypno.nimja.com/visual/34.html]
[hypno.nimja.com/visual/thumb/Static_Pulse-by-Nimja.jpg]
[hypno.nimja.com/visual/customise/35.html]
[hypno.nimja.com/visual/35.html]
[hypno.nimja.com/visual/thumb/Lock-by-Nimja.jpg]
[hypno.nimja.com/visual/customise/36.html]
[hypno.nimja.com/visual/36.html]
[hypno.nimja.com/visual/thumb/Growing_Vines-by-Nimja.jpg]
[hypno.nimja.com/visual/customise/37.html]
[hypno.nimja.com/visual/37.html]
[hypno.nimja.com/visual/thumb/Dancing_Lines-by-Nimja.jpg]
[hypno.nimja.com/visual/customise/38.html]
[hypno.nimja.com/visual/38.html]
[hypno.nimja.com/visual/thumb/Lined_Circles-by-Nimja.jpg]
[hypno.nimja.com/visual/customise/39.html]
[hypno.nimja.com/visual/39.html]
[hypno.nimja.com/visual/thumb/Pulsing_Shapes-by-Nimja.jpg]
[hypno.nimja.com/visual/customise/40.html]
[hypno.nimja.com/visual/40.html]
[hypno.nimja.com/visual/thumb/Flicker_Strobe-by-Nimja.jpg]
[hypno.nimja.com/visual/customise/41.html]
[hypno.nimja.com/visual/41.html]
[hypno.nimja.com/visual/thumb/Custom_Spiral-by-Nimja.jpg]
[hypno.nimja.com/visual/customise/42.html]
[hypno.nimja.com/visual/42.html]
[hypno.nimja.com/visual/thumb/Moir&eacute;_Patterns-by-Nimja.jpg]
[hypno.nimja.com/visual/customise/43.html]
[hypno.nimja.com/visual/43.html]
[hypno.nimja.com/visual/thumb/Metronome-by-Nimja.jpg]
[hypno.nimja.com/visual/customise/44.html]
[hypno.nimja.com/visual/44.html]
[hypno.nimja.com/visual/thumb/Linescape-by-Nimja.jpg]
[hypno.nimja.com/visual/customise/45.html]
[hypno.nimja.com/visual/45.html]
[hypno.nimja.com/visual/thumb/Particle_Sphere-by-Nimja.jpg]
[hypno.nimja.com/visual/customise/46.html]
[hypno.nimja.com/visual/46.html]
[hypno.nimja.com/visual/thumb/Concentric_Colors-by-Nimja.jpg]
[hypno.nimja.com/visual/customise/47.html]
[hypno.nimja.com/visual/47.html]
[hypno.nimja.com/visual/thumb/Geometric_Shapes-by-Nimja.jpg]
[hypno.nimja.com/visual/customise/48.html]
[hypno.nimja.com/visual/48.html]
[hypno.nimja.com/visual/thumb/Gear_Tunnel-by-Nimja.jpg]
[hypno.nimja.com/visual/customise/49.html]
[hypno.nimja.com/visual/49.html]
[hypno.nimja.com/visual/thumb/Star_Tunnel-by-Nimja.jpg]
[hypno.nimja.com/visual/customise/50.html]
[hypno.nimja.com/visual/50.html]
[hypno.nimja.com/visual/thumb/Pulsing_Sphere-by-Nimja.jpg]
[hypno.nimja.com/visual/customise/51.html]
[hypno.nimja.com/visual/51.html]
[hypno.nimja.com/visual/thumb/Wheel_of_Colors-by-Nimja.jpg]
[hypno.nimja.com/visual/customise/52.html]
[hypno.nimja.com/visual/52.html]
[hypno.nimja.com/visual/thumb/Spiral_Twist_Smooth-by-Nimja.jpg]
[hypno.nimja.com/visual/customise/53.html]
[hypno.nimja.com/visual/53.html]
[hypno.nimja.com/visual/thumb/Spiral_Twist_Flat-by-Nimja.jpg]
[hypno.nimja.com/visual/customise/54.html]
[hypno.nimja.com/visual/54.html]
[hypno.nimja.com/visual/thumb/Strange_Strands-by-Nimja.jpg]
[hypno.nimja.com/visual/customise/55.html]
[hypno.nimja.com/visual/55.html]
[hypno.nimja.com/visual/thumb/Tentacle_Cluster-by-Nimja.jpg]
[hypno.nimja.com/visual/customise/56.html]
[hypno.nimja.com/visual/56.html]
[hypno.nimja.com/visual/thumb/Deep_Spiral_Dots-by-Nimja.jpg]
[hypno.nimja.com/visual/customise/57.html]
[hypno.nimja.com/visual/57.html]
[hypno.nimja.com/visual/thumb/Overlapping_Shapes-by-Nimja.jpg]
[hypno.nimja.com/visual/customise/58.html]
[hypno.nimja.com/visual/58.html]
[hypno.nimja.com/visual/thumb/Tinsel_Lights-by-Nimja.jpg]
[hypno.nimja.com/visual/customise/59.html]
[hypno.nimja.com/visual/59.html]
[hypno.nimja.com/visual/thumb/Pendulum_Mirror-by-Nimja.jpg]
[hypno.nimja.com/visual/customise/60.html]
[hypno.nimja.com/visual/60.html]
[hypno.nimja.com/visual/thumb/Layered_Shapes-by-Nimja.jpg]
[hypno.nimja.com/visual/customise/61.html]
[hypno.nimja.com/visual/61.html]
[hypno.nimja.com/visual/thumb/Torus_Knot-by-Nimja.jpg]
[hypno.nimja.com/visual/customise/62.html]
[hypno.nimja.com/visual/62.html]
[hypno.nimja.com/visual/thumb/Magic_Shapes-by-Nimja.jpg]
[hypno.nimja.com/visual/customise/63.html]
[hypno.nimja.com/visual/63.html]
[hypno.nimja.com/visual/thumb/Negative_Shapes-by-Nimja.jpg]
[hypno.nimja.com/visual/customise/64.html]
[hypno.nimja.com/visual/64.html]
[hypno.nimja.com/visual/thumb/Large_Pendulum-by-Nimja.jpg]
[hypno.nimja.com/visual/customise/65.html]
[hypno.nimja.com/visual/65.html]
[hypno.nimja.com/visual/thumb/Difference_Spiral-by-Nimja.jpg]
[hypno.nimja.com/visual/customise/66.html]
[hypno.nimja.com/visual/66.html]
[hypno.nimja.com/visual/thumb/Magic_Flame-by-Nimja.jpg]
[hypno.nimja.com/visual/customise/67.html]
[hypno.nimja.com/visual/67.html]
[hypno.nimja.com/visual/thumb/Growing_Light-by-Nimja.jpg]
[hypno.nimja.com/visual/customise/68.html]
[hypno.nimja.com/visual/68.html]
[hypno.nimja.com/visual/thumb/Wavy_Dots-by-Nimja.jpg]
[hypno.nimja.com/visual/customise/69.html]
[hypno.nimja.com/visual/69.html]
[hypno.nimja.com/visual/thumb/Triangle_Flower-by-Nimja.jpg]
[hypno.nimja.com/visual/customise/70.html]
[hypno.nimja.com/visual/70.html]
[hypno.nimja.com/visual/thumb/Liquid_Waves-by-Nimja.jpg]
[hypno.nimja.com/visual/customise/71.html]
[hypno.nimja.com/visual/71.html]
[hypno.nimja.com/visual/thumb/Spinning_Shape-by-Nimja.jpg]
[hypno.nimja.com/visual/customise/72.html]
[hypno.nimja.com/visual/72.html]
[hypno.nimja.com/visual/thumb/Dancing_Sprite-by-Nimja.jpg]
[hypno.nimja.com/visual/customise/73.html]
[hypno.nimja.com/visual/73.html]
[hypno.nimja.com/visual/thumb/Moving_Mandala-by-Nimja.jpg]
[hypno.nimja.com/visual/customise/74.html]
[hypno.nimja.com/visual/74.html]
[hypno.nimja.com/visual/thumb/Particle_Spiral-by-Nimja.jpg]
[hypno.nimja.com/visual/customise/75.html]
[hypno.nimja.com/visual/75.html]
[hypno.nimja.com/visual/thumb/Spiral_Web-by-Nimja.jpg]
[hypno.nimja.com/visual/customise/76.html]
[hypno.nimja.com/visual/76.html]
[hypno.nimja.com/visual/thumb/Morphing_Spiral-by-Nimja.jpg]
[hypno.nimja.com/visual/customise/77.html]
[hypno.nimja.com/visual/77.html]
[hypno.nimja.com/visual/thumb/3D_Spiral_Stairs-by-Nimja.jpg]
[hypno.nimja.com/visual/customise/78.html]
[hypno.nimja.com/visual/78.html]
[hypno.nimja.com/visual/thumb/Alternating_Dots-by-Nimja.jpg]
[hypno.nimja.com/visual/customise/79.html]
[hypno.nimja.com/visual/79.html]
[hypno.nimja.com/visual/thumb/Circle_Illusion-by-Nimja.jpg]
[hypno.nimja.com/visual/customise/80.html]
[hypno.nimja.com/visual/80.html]
[hypno.nimja.com/visual/thumb/Particle_Storm-by-Nimja.jpg]
[hypno.nimja.com/visual/customise/81.html]
[hypno.nimja.com/visual/81.html]
[hypno.nimja.com/visual/thumb/Endless_Pipes-by-Nimja.jpg]
[hypno.nimja.com/visual/customise/82.html]
[hypno.nimja.com/visual/82.html]
[hypno.nimja.com/visual/thumb/Coil_Cycles-by-Nimja.jpg]
[hypno.nimja.com/visual/customise/83.html]
[hypno.nimja.com/visual/83.html]
[hypno.nimja.com/visual/thumb/Growing_Flower-by-Nimja.jpg]
[hypno.nimja.com/visual/customise/84.html]
[hypno.nimja.com/visual/84.html]
[hypno.nimja.com/visual/thumb/Shape_Grid-by-Nimja.jpg]
[hypno.nimja.com/visual/customise/85.html]
[hypno.nimja.com/visual/85.html]
[hypno.nimja.com/visual/thumb/Warp_Tunnel-by-Nimja.jpg]
[hypno.nimja.com/visual/customise/86.html]
[hypno.nimja.com/visual/86.html]
[hypno.nimja.com/visual/thumb/Teasing_Tentacles-by-Nimja.jpg]
[hypno.nimja.com/visual/customise/87.html]
[hypno.nimja.com/visual/87.html]
[hypno.nimja.com/visual/thumb/Moving_Grid-by-Nimja.jpg]
[hypno.nimja.com/visual/customise/88.html]
[hypno.nimja.com/visual/88.html]
[hypno.nimja.com/visual/thumb/Constellations-by-Nimja.jpg]
[hypno.nimja.com/visual/customise/89.html]
[hypno.nimja.com/visual/89.html]
[hypno.nimja.com/visual/thumb/Chromatic_Starfield-by-Nimja.jpg]
[hypno.nimja.com/visual/customise/90.html]
[hypno.nimja.com/visual/90.html]
[hypno.nimja.com/visual/thumb/Enspiralment-by-Nimja.jpg]
[hypno.nimja.com/visual/customise/91.html]
[hypno.nimja.com/visual/91.html]
[hypno.nimja.com/visual/thumb/3D_Pendulum_Waves-by-Nimja.jpg]
[hypno.nimja.com/visual/customise/92.html]
[hypno.nimja.com/visual/92.html]
[hypno.nimja.com/visual/thumb/Pendulum_Waves-by-Nimja.jpg]
[hypno.nimja.com/visual/customise/93.html]
[hypno.nimja.com/visual/93.html]
[hypno.nimja.com/visual/thumb/Rotating_Lasers-by-Nimja.jpg]
[hypno.nimja.com/visual/customise/94.html]
[hypno.nimja.com/visual/94.html]
[hypno.nimja.com/visual/thumb/Infinite_Shapes-by-Nimja.jpg]
[hypno.nimja.com/visual/customise/95.html]
[hypno.nimja.com/visual/95.html]
[hypno.nimja.com/visual/thumb/Twisting_Patterns-by-Nimja.jpg]
[hypno.nimja.com/visual/customise/96.html]
[hypno.nimja.com/visual/96.html]
[hypno.nimja.com/visual/thumb/Ghostly_Structure-by-Nimja.jpg]
[hypno.nimja.com/visual/customise/97.html]
[hypno.nimja.com/visual/97.html]
[hypno.nimja.com/visual/thumb/Flashing_Shapes-by-Nimja.jpg]
[hypno.nimja.com/visual/customise/98.html]
[hypno.nimja.com/visual/98.html]
[hypno.nimja.com/visual/thumb/Knotty_Dots-by-Nimja.jpg]
[hypno.nimja.com/visual/customise/99.html]
[hypno.nimja.com/visual/99.html]
[hypno.nimja.com/visual/thumb/Fractured_Spiral-by-Nimja.jpg]
[hypno.nimja.com/visual/customise/100.html]
[hypno.nimja.com/visual/100.html]
[hypno.nimja.com/visual/thumb/Spirally_Dots-by-Nimja.jpg]
[hypno.nimja.com/visual/customise/101.html]
[hypno.nimja.com/visual/101.html]
[hypno.nimja.com/visual/thumb/Double_Spiral-by-Nimja.jpg]
[hypno.nimja.com/visual/customise/102.html]
[hypno.nimja.com/visual/102.html]
[hypno.nimja.com/visual/thumb/Curving_Cavern-by-Nimja.jpg]
[hypno.nimja.com/visual/customise/103.html]
[hypno.nimja.com/visual/103.html]
[hypno.nimja.com/visual/thumb/Vortex_Dots-by-Nimja.jpg]
[hypno.nimja.com/visual/customise/104.html]
[hypno.nimja.com/visual/104.html]
[hypno.nimja.com/visual/thumb/Breathing-by-Nimja.jpg]
[hypno.nimja.com/visual/customise/105.html]
[hypno.nimja.com/visual/105.html]
[hypno.nimja.com/visual/thumb/Tunnel_Dive-by-Nimja.jpg]
[hypno.nimja.com/visual/customise/106.html]
[hypno.nimja.com/visual/106.html]
[hypno.nimja.com/visual/thumb/Crystal_Squares-by-Nimja.jpg]
[hypno.nimja.com/visual/customise/107.html]
[hypno.nimja.com/visual/107.html]
[hypno.nimja.com/visual/thumb/Fading_Spiral-by-Nimja.jpg]
[hypno.nimja.com/visual/customise/108.html]
[hypno.nimja.com/visual/108.html]
[hypno.nimja.com/visual/thumb/Distant_Spiral-by-Nimja.jpg]
[hypno.nimja.com/visual/customise/109.html]
[hypno.nimja.com/visual/109.html]
[hypno.nimja.com/visual/thumb/Spiral_Zoom-by-Nimja.jpg]
[hypno.nimja.com/visual/customise/110.html]
[hypno.nimja.com/visual/110.html]
[hypno.nimja.com/visual/thumb/Spiral_Words-by-Nimja.jpg]
[hypno.nimja.com/visual/customise/111.html]
[hypno.nimja.com/visual/111.html]
[hypno.nimja.com/visual/thumb/Custom_Spiral_2-by-Nimja.jpg]
[hypno.nimja.com/visual/customise/112.html]
[hypno.nimja.com/visual/112.html]
[hypno.nimja.com/visual/thumb/Kaleidoshape-by-Nimja.jpg]
[hypno.nimja.com/visual/customise/113.html]
[hypno.nimja.com/visual/113.html]
[hypno.nimja.com/visual/thumb/Morphing_Shapes-by-Nimja.jpg]
[hypno.nimja.com/visual/customise/114.html]
[hypno.nimja.com/visual/114.html]
[hypno.nimja.com/visual/thumb/Twisting_Dots-by-Nimja.jpg]
[hypno.nimja.com/visual/customise/115.html]
[hypno.nimja.com/visual/115.html]
[hypno.nimja.com/visual/thumb/Pastel_Sunset-by-Nimja.jpg]
[hypno.nimja.com/visual/customise/116.html]
[hypno.nimja.com/visual/116.html]
[hypno.nimja.com/visual/thumb/Digital_Spiral-by-Nimja.jpg]
[hypno.nimja.com/visual/customise/117.html]
[hypno.nimja.com/visual/117.html]
[hypno.nimja.com/visual/thumb/Flower_Zoom-by-Nimja.jpg]
[hypno.nimja.com/visual/customise/118.html]
[hypno.nimja.com/visual/118.html]
[hypno.nimja.com/visual/thumb/Concentric_Shapes-by-Nimja.jpg]
[hypno.nimja.com/visual/customise/119.html]
[hypno.nimja.com/visual/119.html]
[hypno.nimja.com/visual/thumb/Pixel_Snow-by-Nimja.jpg]
[hypno.nimja.com/visual/customise/120.html]
[hypno.nimja.com/visual/120.html]
[hypno.nimja.com/visual/thumb/Fuzzy_Spiral-by-Nimja.jpg]
[hypno.nimja.com/visual/customise/121.html]
[hypno.nimja.com/visual/121.html]
[hypno.nimja.com/visual/thumb/Kaleidoscope-by-Nimja.jpg]
[hypno.nimja.com/visual/customise/122.html]
[hypno.nimja.com/visual/122.html]
[hypno.nimja.com/visual/thumb/Image_Kaleidoscope-by-Nimja.jpg]
[hypno.nimja.com/visual/customise/123.html]
[hypno.nimja.com/visual/123.html]
[hypno.nimja.com/visual/thumb/Rainbow_Reflections-by-Nimja.jpg]
[hypno.nimja.com/visual/customise/124.html]
[hypno.nimja.com/visual/124.html]
[hypno.nimja.com/visual/thumb/Animations-by-Nimja.jpg]
[hypno.nimja.com/visual/customise/125.html]
[hypno.nimja.com/visual/125.html]
[hypno.nimja.com/visual/background/125.jpg]
[hypno.nimja.com/visual/customise/1.html]
[hypno.nimja.com/visual/customise/2.html]
[hypno.nimja.com/visual/customise/3.html]
[hypno.nimja.com/visual/customise/4.html]
[hypno.nimja.com/visual/customise/5.html]
[hypno.nimja.com/visual/customise/6.html]
[hypno.nimja.com/visual/customise/7.html]
[hypno.nimja.com/visual/customise/8.html]
[hypno.nimja.com/visual/customise/9.html]
[hypno.nimja.com/visual/customise/10.html]
[hypno.nimja.com/visual/customise/11.html]
[hypno.nimja.com/visual/customise/12.html]
[hypno.nimja.com/visual/customise/13.html]
[hypno.nimja.com/visual/customise/14.html]
[hypno.nimja.com/visual/customise/15.html]
[hypno.nimja.com/visual/customise/16.html]
[hypno.nimja.com/visual/customise/17.html]
[hypno.nimja.com/visual/customise/18.html]
[hypno.nimja.com/visual/customise/19.html]
[hypno.nimja.com/visual/customise/20.html]
[hypno.nimja.com/visual/customise/21.html]
[hypno.nimja.com/visual/customise/22.html]
[hypno.nimja.com/visual/customise/23.html]
[hypno.nimja.com/visual/customise/24.html]
[hypno.nimja.com/visual/customise/25.html]
[hypno.nimja.com/visual/customise/26.html]
[hypno.nimja.com/visual/customise/27.html]
[hypno.nimja.com/visual/customise/28.html]
[hypno.nimja.com/visual/customise/29.html]
[hypno.nimja.com/visual/customise/30.html]
[hypno.nimja.com/visual/customise/31.html]
[hypno.nimja.com/visual/customise/32.html]
[hypno.nimja.com/visual/customise/33.html]
[hypno.nimja.com/visual/customise/34.html]
[hypno.nimja.com/visual/customise/35.html]
[hypno.nimja.com/visual/customise/36.html]
[hypno.nimja.com/visual/customise/37.html]
[hypno.nimja.com/visual/customise/38.html]
[hypno.nimja.com/visual/customise/39.html]
[hypno.nimja.com/visual/customise/40.html]
[hypno.nimja.com/visual/customise/41.html]
[hypno.nimja.com/visual/customise/42.html]
[hypno.nimja.com/visual/customise/43.html]
[hypno.nimja.com/visual/customise/44.html]
[hypno.nimja.com/visual/customise/45.html]
[hypno.nimja.com/visual/customise/46.html]
[hypno.nimja.com/visual/customise/47.html]
[hypno.nimja.com/visual/customise/48.html]
[hypno.nimja.com/visual/customise/49.html]
[hypno.nimja.com/visual/customise/50.html]
[hypno.nimja.com/visual/customise/51.html]
[hypno.nimja.com/visual/customise/52.html]
[hypno.nimja.com/visual/customise/53.html]
[hypno.nimja.com/visual/customise/54.html]
[hypno.nimja.com/visual/customise/55.html]
[hypno.nimja.com/visual/customise/56.html]
[hypno.nimja.com/visual/customise/57.html]
[hypno.nimja.com/visual/customise/58.html]
[hypno.nimja.com/visual/customise/59.html]
[hypno.nimja.com/visual/customise/60.html]
[hypno.nimja.com/visual/customise/61.html]
[hypno.nimja.com/visual/customise/62.html]
[hypno.nimja.com/visual/customise/63.html]
[hypno.nimja.com/visual/customise/64.html]
[hypno.nimja.com/visual/customise/65.html]
[hypno.nimja.com/visual/customise/66.html]
[hypno.nimja.com/visual/customise/67.html]
[hypno.nimja.com/visual/customise/68.html]
[hypno.nimja.com/visual/customise/69.html]
[hypno.nimja.com/visual/customise/70.html]
[hypno.nimja.com/visual/customise/71.html]
[hypno.nimja.com/visual/customise/72.html]
[hypno.nimja.com/visual/customise/73.html]
[hypno.nimja.com/visual/customise/74.html]
[hypno.nimja.com/visual/customise/75.html]
[hypno.nimja.com/visual/customise/76.html]
[hypno.nimja.com/visual/customise/77.html]
[hypno.nimja.com/visual/customise/78.html]
[hypno.nimja.com/visual/customise/79.html]
[hypno.nimja.com/visual/customise/80.html]
[hypno.nimja.com/visual/customise/81.html]
[hypno.nimja.com/visual/customise/82.html]
[hypno.nimja.com/visual/customise/83.html]
[hypno.nimja.com/visual/customise/84.html]
[hypno.nimja.com/visual/customise/85.html]
[hypno.nimja.com/visual/customise/86.html]
[hypno.nimja.com/visual/customise/87.html]
[hypno.nimja.com/visual/customise/88.html]
[hypno.nimja.com/visual/customise/89.html]
[hypno.nimja.com/visual/customise/90.html]
[hypno.nimja.com/visual/customise/91.html]
[hypno.nimja.com/visual/customise/92.html]
[hypno.nimja.com/visual/customise/93.html]
[hypno.nimja.com/visual/customise/94.html]
[hypno.nimja.com/visual/customise/95.html]
[hypno.nimja.com/visual/customise/96.html]
[hypno.nimja.com/visual/customise/97.html]
[hypno.nimja.com/visual/customise/98.html]
[hypno.nimja.com/visual/customise/99.html]
[hypno.nimja.com/visual/customise/100.html]
[hypno.nimja.com/visual/customise/101.html]
[hypno.nimja.com/visual/customise/102.html]
[hypno.nimja.com/visual/customise/103.html]
[hypno.nimja.com/visual/customise/104.html]
[hypno.nimja.com/visual/customise/105.html]
[hypno.nimja.com/visual/customise/106.html]
[hypno.nimja.com/visual/customise/107.html]
[hypno.nimja.com/visual/customise/108.html]
[hypno.nimja.com/visual/customise/109.html]
[hypno.nimja.com/visual/customise/110.html]
[hypno.nimja.com/visual/customise/111.html]
[hypno.nimja.com/visual/customise/112.html]
[hypno.nimja.com/visual/customise/113.html]
[hypno.nimja.com/visual/customise/114.html]
[hypno.nimja.com/visual/customise/115.html]
[hypno.nimja.com/visual/customise/116.html]
[hypno.nimja.com/visual/customise/117.html]
[hypno.nimja.com/visual/customise/118.html]
[hypno.nimja.com/visual/customise/119.html]
[hypno.nimja.com/visual/customise/120.html]
[hypno.nimja.com/visual/customise/121.html]
[hypno.nimja.com/visual/customise/122.html]
[hypno.nimja.com/visual/customise/123.html]
[hypno.nimja.com/visual/customise/124.html]
[hypno.nimja.com/visual/customise/125.html]
